 ST Offset   Length
I (57) boot:  0 nvs              WiFi data        01 02 00009000 00006000
I (63) boot:  1 phy_init         RF data          01 01 0000f000 00001000
I (70) boot:  2 factory          factory app      00 00 00010000 00100000
I (76) boot: End of partition table
I (80) esp_image: segment 0: paddr=00010020 vaddr=3f400020 size=21c14h (138260) map
I (134) esp_image: segment 1: paddr=00031c3c vaddr=3ffb0000 size=040a8h ( 16552) load
I (141) esp_image: segment 2: paddr=00035cec vaddr=40080000 size=0a32ch ( 41772) load
I (157) esp_image: segment 3: paddr=00040020 vaddr=400d0020 size=a34ech (668908) map
I (386) esp_image: segment 4: paddr=000e3514 vaddr=4008a32c size=0fc84h ( 64644) load
I (411) esp_image: segment 5: paddr=000f31a0 vaddr=50000000 size=00020h (    32) load
I (424) boot: Loaded app from partition at offset 0x10000
I (424) boot: Disabling RNG early entropy source...
I (435) cpu_start: Multicore app
I (443) cpu_start: GPIO 3 and 1 are used as console UART I/O pins
I (443) cpu_start: Pro cpu start user code
I (443) cpu_start: cpu freq: 160000000 Hz
I (445) app_init: Application information:
I (449) app_init: Project name:     remote-control
I (453) app_init: App version:      bbbe1f4-dirty
I (458) app_init: Compile time:     Feb  9 2026 21:01:11
I (463) app_init: ELF file SHA256:  899ccd644...
I (467) app_init: ESP-IDF:          HEAD-HASH-NOTFOUND
I (472) efuse_init: Min chip rev:     v0.0
I (476) efuse_init: Max chip rev:     v3.99 
I (480) efuse_init: Chip rev:         v1.1
I (484) heap_init: Initializing. RAM available for dynamic allocation:
I (490) heap_init: At 3FFAE6E0 len 00001920 (6 KiB): DRAM
I (495) heap_init: At 3FFB89F0 len 00027610 (157 KiB): DRAM
I (500) heap_init: At 3FFE0440 len 00003AE0 (14 KiB): D/IRAM
I (506) heap_init: At 3FFE4350 len 0001BCB0 (111 KiB): D/IRAM
I (511) heap_init: At 40099FB0 len 00006050 (24 KiB): IRAM
I (518) spi_flash: detected chip: generic
I (520) spi_flash: flash io: dio
W (523) spi_flash: Detected size(4096k) larger than the size in the binary image header(2048k). Using the size in the binary image header.
I (536) main_task: Started on CPU0
I (546) main_task: Calling app_main()
I (566) DISPLAY: Display initialized successfully
ESP_ERROR_CHECK failed: esp_err_t 0x103 (ESP_ERR_INVALID_STATE) at 0x400d8753
--- 0x400d8753: display_controller_init at /mnt/Artvol/src/kids-music-panel-project/src/remote-control/main/display/display_controller.c:59
file: "./main/display/display_controller.c" line 59
func: display_controller_init
expression: esp_event_handler_instance_register(WIFI_EVENT, ESP_EVENT_ANY_ID, &display_wifi_event_handler, NULL, &instance_any_id)

abort() was called at PC 0x40089eaf on core 0
--- 0x40089eaf: _esp_error_check_failed at /mnt/Artvol/esp/esp-idf/v5.5.2/esp-idf/components/esp_system/esp_err.c:49


Backtrace: 0x40089f55:0x3ffbabc0 0x40089f1d:0x3ffbabe0 0x400928d9:0x3ffbac00 0x40089eaf:0x3ffbac70 0x400d8753:0x3ffbaca0 0x400d84de:0x3ffbacd0 0x401714f8:0x3ffbacf0 0x4008ac19:0x3ffbad20
--- 0x40089f55: panic_abort at /mnt/Artvol/esp/esp-idf/v5.5.2/esp-idf/components/esp_system/panic.c:477
--- 0x40089f1d: esp_system_abort at /mnt/Artvol/esp/esp-idf/v5.5.2/esp-idf/components/esp_system/port/esp_system_chip.c:87
--- 0x400928d9: abort at /mnt/Artvol/esp/esp-idf/v5.5.2/esp-idf/components/newlib/src/abort.c:38
--- 0x40089eaf: _esp_error_check_failed at /mnt/Artvol/esp/esp-idf/v5.5.2/esp-idf/components/esp_system/esp_err.c:49
--- 0x400d8753: display_controller_init at /mnt/Artvol/src/kids-music-panel-project/src/remote-control/main/display/display_controller.c:59
--- 0x400d84de: app_main at /mnt/Artvol/src/kids-music-panel-project/src/remote-control/main/gpio_example_main.c:69
--- 0x401714f8: main_task at /mnt/Artvol/esp/esp-idf/v5.5.2/esp-idf/components/freertos/app_startup.c:208
--- 0x4008ac19: vPortTaskWrapper at /mnt/Artvol/esp/esp-idf/v5.5.2/esp-idf/components/freertos/FreeRTOS-Kernel/portable/xtensa/port.c:139




ELF file SHA256: 899ccd644

Rebooting...
ets Jun  8 2016 00:22:57

rst:0xc (SW_CPU_RESET),boot:0x13 (SPI_FAST_FLASH_BOOT)
configsip: 0, SPIWP:0xee
clk_drv:0x00,q_drv:0x00,d_drv:0x00,cs0_drv:0x00,hd_drv:0x00,wp_drv:0x00
mode:DIO, clock div:2